// Jest Snapshot v1, https://goo.gl/fbAQLP

exports[`Table Component snapshots 1`] = `
<div
  className="table"
>
  <div
    className="table-row"
  >
    <span
      style={
        Object {
          "width": "40%",
        }
      }
    >
      <a
        href="https://facebook.github.io/react/"
      >
        React
      </a>
    </span>
    <span
      style={
        Object {
          "width": "30%",
        }
      }
    >
       
      Jordan Walke
    </span>
    <span
      style={
        Object {
          "width": "10%",
        }
      }
    >
       
      3
    </span>
    <span
      style={
        Object {
          "width": "10%",
        }
      }
    >
       
      4
       
    </span>
    <span
      style={
        Object {
          "width": "10%",
        }
      }
    >
      <button
        className="button-inline"
        onClick={[Function]}
        type="button"
      >
        Dismiss
      </button>
    </span>
  </div>
  <div
    className="table-row"
  >
    <span
      style={
        Object {
          "width": "40%",
        }
      }
    >
      <a
        href="https://github.com/reactjs/redux"
      >
        Redux
      </a>
    </span>
    <span
      style={
        Object {
          "width": "30%",
        }
      }
    >
       
      Dan Abramov, Andrew Clark
    </span>
    <span
      style={
        Object {
          "width": "10%",
        }
      }
    >
       
      2
    </span>
    <span
      style={
        Object {
          "width": "10%",
        }
      }
    >
       
      5
       
    </span>
    <span
      style={
        Object {
          "width": "10%",
        }
      }
    >
      <button
        className="button-inline"
        onClick={[Function]}
        type="button"
      >
        Dismiss
      </button>
    </span>
  </div>
</div>
`;
